
> Develo-crm@1.0.0 build
> vite build

[36mvite v5.4.21 [32mbuilding for production...[36m[39m
transforming...
[32mΓ£ô[39m 1544 modules transformed.
rendering chunks...
computing gzip size...
[2mdist/[22m[32mindex.html                      [39m[1m[2m    1.41 kB[22m[1m[22m[2m Γöé gzip:   0.62 kB[22m
[2mdist/[22m[32massets/premium_bg-MSFxD1QV.png  [39m[1m[2m  836.01 kB[22m[1m[22m
[2mdist/[22m[35massets/index-Ci6nunXk.css       [39m[1m[2m  180.57 kB[22m[1m[22m[2m Γöé gzip:  27.13 kB[22m
[2mdist/[22m[36massets/index-DAz5_4jD.js        [39m[1m[33m3,506.68 kB[39m[22m[2m Γöé gzip: 770.84 kB[22m
[32mΓ£ô built in 58.11s[39m
